// Jest Snapshot v1, https://goo.gl/fbAQLP

exports[`UniswapV3Staker.unit #claimReward has gas cost 1`] = `46949`;

exports[`UniswapV3Staker.unit #createIncentive works and has gas cost 1`] = `82557`;

exports[`UniswapV3Staker.unit #endIncentive works and has gas cost 1`] = `38417`;

exports[`UniswapV3Staker.unit #onERC721Received on successful transfer with staking data has gas cost 1`] = `201730`;

exports[`UniswapV3Staker.unit Deposit/Withdraw #depositToken works and has gas cost 1`] = `96861`;

exports[`UniswapV3Staker.unit Deposit/Withdraw #withdrawToken works and has gas cost 1`] = `86114`;

exports[`UniswapV3Staker.unit Stake/Unstake #stakeToken works and has gas cost 1`] = `122531`;

exports[`UniswapV3Staker.unit Stake/Unstake #unstakeToken works and has gas cost 1`] = `105351`;
