// Jest Snapshot v1, https://goo.gl/fbAQLP

exports[`unit/Incentives #createIncentive works and has gas cost 1`] = `60023`;

exports[`unit/Incentives #endIncentive works and has gas cost 1`] = `35495`;
