// Jest Snapshot v1, https://goo.gl/fbAQLP

exports[`unit/Stakes #unstakeToken works and has gas cost 1`] = `92175`;
